Magma V2.29-9     Tue Aug 18 2026 14:43:41 on lovelace [Seed = 2722916756]

+-------------------------------------------------------------------+
|       This copy of Magma has been made available through a        |
|                   generous initiative of the                      |
|                                                                   |
|                         Simons Foundation                         |
|                                                                   |
| covering U.S. Colleges, Universities, Nonprofit Research entities,|
|               and their students, faculty, and staff              |
+-------------------------------------------------------------------+

Type ? for help.  Type <Ctrl>-D to quit.

Loading file "ladic_degree.m"
Loading "torsion_data.m"
idx 15 (145161.2) l=13; fingerprint norms [ 25, 7, 7, 121, 17, 17 ]
  e=0 dim=6827 survivor=1
  building generalized eigenspace (nested kernels):
    dim = 2
    dim = 2
  GENERALIZED-EIGENSPACE dim = [E_lambda:Q_l] = 2
  RESULT: [E:Q] >= 2 > 1  =>  matched newform NOT rational; sigma does not arise from an elliptic curve.
LADIC-DEG 145161.2    idx=15 l=13 e=0 dim=6827 dimG=2 degree>=2 NOT-ELLIPTIC

Total time: 138.849 seconds, Total memory usage: 4498.75MB
