Magma V2.29-9     Tue Aug 18 2026 14:43:56 on lovelace [Seed = 1636805222]

+-------------------------------------------------------------------+
|       This copy of Magma has been made available through a        |
|                   generous initiative of the                      |
|                                                                   |
|                         Simons Foundation                         |
|                                                                   |
| covering U.S. Colleges, Universities, Nonprofit Research entities,|
|               and their students, faculty, and staff              |
+-------------------------------------------------------------------+

Type ? for help.  Type <Ctrl>-D to quit.

Loading file "ladic_degree.m"
Loading "torsion_data.m"
idx 18 (173111.2) l=13; fingerprint norms [ 9, 25, 7, 7, 121, 17 ]
  e=0 dim=7649 survivor=1
  building generalized eigenspace (nested kernels):
    dim = 1
  GENERALIZED-EIGENSPACE dim = [E_lambda:Q_l] = 1
  dim G = 1 (lambda split, residue degree 1): a_P in Z_l -- generalized-eigenspace test inconclusive.
  RESULT: INCONCLUSIVE at dim 7649 (l-adic recognition is O(dim^3), does not scale; would need eigenform isolation).
LADIC-DEG 173111.2    idx=18 l=13 e=0 dim=7649 dimG=1 degree>=1 INCONCLUSIVE-SPLIT-BIGDIM

Total time: 222.110 seconds, Total memory usage: 5267.44MB
