Magma V2.29-9     Tue Aug 18 2026 14:59:09 on lovelace [Seed = 3694271330]

+-------------------------------------------------------------------+
|       This copy of Magma has been made available through a        |
|                   generous initiative of the                      |
|                                                                   |
|                         Simons Foundation                         |
|                                                                   |
| covering U.S. Colleges, Universities, Nonprofit Research entities,|
|               and their students, faculty, and staff              |
+-------------------------------------------------------------------+

Type ? for help.  Type <Ctrl>-D to quit.

Loading file "ladic_degree.m"
Loading "torsion_data.m"
idx 31 (65209.3) l=13; fingerprint norms [ 3, 25, 49, 11, 11, 289 ]
  e=0 dim=5532 survivor=1
  building generalized eigenspace (nested kernels):
    dim = 1
  GENERALIZED-EIGENSPACE dim = [E_lambda:Q_l] = 1
  dim G = 1 (lambda split, residue degree 1): a_P in Z_l -- generalized-eigenspace test inconclusive.
  RESULT: INCONCLUSIVE at dim 5532 (l-adic recognition is O(dim^3), does not scale; would need eigenform isolation).
LADIC-DEG 65209.3     idx=31 l=13 e=0 dim=5532 dimG=1 degree>=1 INCONCLUSIVE-SPLIT-BIGDIM

Total time: 76.099 seconds, Total memory usage: 1882.44MB
