Magma V2.29-9     Tue Aug 18 2026 14:58:09 on lovelace [Seed = 1118602689]

+-------------------------------------------------------------------+
|       This copy of Magma has been made available through a        |
|                   generous initiative of the                      |
|                                                                   |
|                         Simons Foundation                         |
|                                                                   |
| covering U.S. Colleges, Universities, Nonprofit Research entities,|
|               and their students, faculty, and staff              |
+-------------------------------------------------------------------+

Type ? for help.  Type <Ctrl>-D to quit.

Loading file "ladic_degree.m"
Loading "torsion_data.m"
idx 7 (24889.1) l=13; fingerprint norms [ 9, 25, 7, 7, 121, 17 ]
  e=0 dim=1038 survivor=1
  building generalized eigenspace (nested kernels):
    dim = 1
  GENERALIZED-EIGENSPACE dim = [E_lambda:Q_l] = 1
  dim G = 1 (lambda split, residue degree 1): a_P in Z_l -- generalized-eigenspace test inconclusive.
  dim 1038 <= 2000: l-adic min-poly recognition (PREC=400)...
  RESULT: max recovered [Q(a_P):Q] = 1  =>  [E:Q] >= 1.  (inconclusive: more primes/precision)
LADIC-DEG 24889.1     idx=7 l=13 e=0 dim=1038 dimG=1 degree>=1 INCONCLUSIVE-RECOG

Total time: 1296.160 seconds, Total memory usage: 280.81MB
