Magma V2.29-9     Tue Aug 18 2026 14:40:41 on lovelace [Seed = 1956298676]

+-------------------------------------------------------------------+
|       This copy of Magma has been made available through a        |
|                   generous initiative of the                      |
|                                                                   |
|                         Simons Foundation                         |
|                                                                   |
| covering U.S. Colleges, Universities, Nonprofit Research entities,|
|               and their students, faculty, and staff              |
+-------------------------------------------------------------------+

Type ? for help.  Type <Ctrl>-D to quit.

Loading file "ladic_degree.m"
Loading "torsion_data.m"
idx 9 (68193.1) l=11; fingerprint norms [ 25, 7, 7, 169, 17, 17 ]
  e=0 dim=3159 survivor=1
  building generalized eigenspace (nested kernels):
    dim = 1
  GENERALIZED-EIGENSPACE dim = [E_lambda:Q_l] = 1
  dim G = 1 (lambda split, residue degree 1): a_P in Z_l -- generalized-eigenspace test inconclusive.
  RESULT: INCONCLUSIVE at dim 3159 (l-adic recognition is O(dim^3), does not scale; would need eigenform isolation).
LADIC-DEG 68193.1     idx=9 l=11 e=0 dim=3159 dimG=1 degree>=1 INCONCLUSIVE-SPLIT-BIGDIM

Total time: 28.609 seconds, Total memory usage: 993.22MB
